{
    "path": "_bulk",
    "method": "POST",
    "data": [
        {
            "delete": {
                "_id": "1",
                "_index": "myfixturewiki_content"
            }
        },
        {
            "delete": {
                "_id": "2",
                "_index": "myfixturewiki_content"
            }
        },
        {
            "delete": {
                "_id": "3",
                "_index": "myfixturewiki_content"
            }
        }
    ],
    "params": [],
    "contentType": "application\/x-ndjson"
}