{
    "analyzer": {
        "he_plain": {
            "char_filter": [
                "nnbsp_norm",
                "word_break_helper"
            ],
            "filter": [
                "lowercase"
            ],
            "tokenizer": "standard",
            "type": "custom"
        },
        "he_plain_search": {
            "char_filter": [
                "nnbsp_norm",
                "word_break_helper"
            ],
            "filter": [
                "lowercase"
            ],
            "tokenizer": "standard",
            "type": "custom"
        },
        "he_text": {
            "char_filter": [
                "nnbsp_norm",
                "apostrophe_norm"
            ],
            "filter": [
                "lowercase"
            ],
            "tokenizer": "standard",
            "type": "custom"
        },
        "he_text_search": {
            "char_filter": [
                "nnbsp_norm",
                "apostrophe_norm"
            ],
            "filter": [
                "lowercase"
            ],
            "tokenizer": "standard",
            "type": "custom"
        },
        "uk_plain": {
            "char_filter": [
                "nnbsp_norm",
                "word_break_helper"
            ],
            "filter": [
                "lowercase"
            ],
            "tokenizer": "standard",
            "type": "custom"
        },
        "uk_plain_search": {
            "char_filter": [
                "nnbsp_norm",
                "word_break_helper"
            ],
            "filter": [
                "lowercase"
            ],
            "tokenizer": "standard",
            "type": "custom"
        },
        "uk_text": {
            "char_filter": [
                "nnbsp_norm",
                "apostrophe_norm"
            ],
            "filter": [
                "lowercase"
            ],
            "tokenizer": "standard",
            "type": "custom"
        },
        "uk_text_search": {
            "char_filter": [
                "nnbsp_norm",
                "apostrophe_norm"
            ],
            "filter": [
                "lowercase"
            ],
            "tokenizer": "standard",
            "type": "custom"
        }
    },
    "char_filter": {
        "apostrophe_norm": {
            "mappings": [
                "`=>'",
                "\u00b4=>'",
                "\u02b9=>'",
                "\u02bb=>'",
                "\u02bc=>'",
                "\u02bd=>'",
                "\u02be=>'",
                "\u02bf=>'",
                "\u02cb=>'",
                "\u055a=>'",
                "\\u05F3=>'",
                "\u2018=>'",
                "\u2019=>'",
                "\u201b=>'",
                "\u2032=>'",
                "\u2035=>'",
                "\ua78c=>'",
                "\uff07=>'",
                "\uff40=>'"
            ],
            "type": "mapping"
        },
        "nnbsp_norm": {
            "mappings": [
                "\\u202F=>\\u0020"
            ],
            "type": "mapping"
        },
        "word_break_helper": {
            "mappings": [
                "_=>\\u0020",
                ".=>\\u0020",
                "(=>\\u0020",
                ")=>\\u0020"
            ],
            "type": "mapping"
        }
    },
    "filter": {
        "lowercase": {
            "type": "lowercase"
        }
    },
    "tokenizer": []
}